// Jest Snapshot v1, https://goo.gl/fbAQLP

exports[`ForecastDetails renders correctly 1`] = `
<DocumentFragment>
  <div
    class="forecast-details"
  >
    <div
      class="forecast-details_date"
    >
      Date:Thu Jan 01 1970
    </div>
    <div
      class="forecast-details_humidity"
    >
      Humidity:14
    </div>
    <div
      class="forecast-details_temperaturemax"
    >
       Max Temp:22°C
    </div>
    <div
      class="forecast-details_temperaturemin"
    >
      Min Temp:12°C
    </div>
    <div
      class="forecast-details_windspeed"
    >
      Wind Speed: 13
    </div>
    <div
      class="forecast-details_winddirection"
    >
      Wind Direction: s
    </div>
  </div>
</DocumentFragment>
`;
